// Jest Snapshot v1, https://goo.gl/fbAQLP

exports[`File Panel Verification tests the snapshot 1`] = `
<div>
  <h2>
    File
  </h2>
  <div
    className="mdc-select select_folder"
  >
    <select
      className="mdc-select__native-control"
      disabled={false}
      label="File"
      onBlur={[Function]}
      onChange={[Function]}
      onFocus={[Function]}
      onMouseDown={[Function]}
      onTouchStart={[Function]}
      options={
        Array [
          Object {
            "label": "ripgrep/.vscode/settings.json",
            "value": "file:///Users/cspell/projects/clones/ripgrep/.vscode/settings.json",
          },
          Object {
            "label": "vscode-cspell-dict-extensions/extensions/dutch/src/extension.ts",
            "value": "file:///Users/cspell/projects/vscode-cspell-dict-extensions/extensions/dutch/src/extension.ts",
          },
          Object {
            "label": "ripgrep/src/decoder.rs",
            "value": "file:///Users/cspell/projects/clones/ripgrep/src/decoder.rs",
          },
        ]
      }
      value="file:///Users/cspell/projects/vscode-cspell-dict-extensions/extensions/dutch/src/extension.ts"
    >
      <option
        value="file:///Users/cspell/projects/clones/ripgrep/.vscode/settings.json"
      >
        ripgrep/.vscode/settings.json
      </option>
      <option
        value="file:///Users/cspell/projects/vscode-cspell-dict-extensions/extensions/dutch/src/extension.ts"
      >
        vscode-cspell-dict-extensions/extensions/dutch/src/extension.ts
      </option>
      <option
        value="file:///Users/cspell/projects/clones/ripgrep/src/decoder.rs"
      >
        ripgrep/src/decoder.rs
      </option>
    </select>
    <label
      className="mdc-floating-label mdc-floating-label--float-above"
      onAnimationEnd={[Function]}
    >
      File
    </label>
    <div
      className="mdc-line-ripple"
      onTransitionEnd={[Function]}
      style={Object {}}
    />
  </div>
  <h2>
    Settings
  </h2>
  <ul
    aria-orientation="vertical"
    className="mdc-list"
  >
    <li
      className="mdc-list-item"
      onBlur={[Function]}
      onClick={[Function]}
      onFocus={[Function]}
      onKeyDown={[Function]}
      role="checkbox"
      tabIndex={0}
    >
      <i
        className="material-icons mdc-list-item__graphic"
        tabIndex={-1}
      >
        description
      </i>
      <span
        className="mdc-list-item__text"
        tabIndex={-1}
      >
        File enabled
      </span>
      <div
        className="mdc-checkbox mdc-checkbox--upgraded mdc-checkbox--disabled mdc-list-item__meta"
        onAnimationEnd={[Function]}
        tabIndex={-1}
      >
        <input
          aria-checked={false}
          checked={true}
          className="mdc-checkbox__native-control"
          disabled={true}
          onChange={[Function]}
          type="checkbox"
        />
        <div
          className="mdc-checkbox__background"
        >
          <svg
            className="mdc-checkbox__checkmark"
            focusable="false"
            viewBox="0 0 24 24"
          >
            <path
              className="mdc-checkbox__checkmark-path"
              d="M1.73,12.91 8.1,19.28 22.79,4.59"
              fill="none"
            />
          </svg>
          <div
            className="mdc-checkbox__mixedmark"
          />
        </div>
      </div>
    </li>
    <li
      className="mdc-list-item"
      onBlur={[Function]}
      onClick={[Function]}
      onFocus={[Function]}
      onKeyDown={[Function]}
      role="checkbox"
      tabIndex={-1}
    >
      <i
        className="material-icons mdc-list-item__graphic"
        tabIndex={-1}
      >
        code
      </i>
      <label
        className="mdc-list-item__text"
        htmlFor="checkbox-language-enabled"
      >
        Programming Language: typescript
      </label>
      <div
        className="mdc-checkbox mdc-checkbox--upgraded mdc-list-item__meta"
        onAnimationEnd={[Function]}
        tabIndex={-1}
      >
        <input
          aria-checked={false}
          checked={true}
          className="mdc-checkbox__native-control"
          disabled={false}
          id="checkbox-language-enabled"
          onChange={[Function]}
          type="checkbox"
        />
        <div
          className="mdc-checkbox__background"
        >
          <svg
            className="mdc-checkbox__checkmark"
            focusable="false"
            viewBox="0 0 24 24"
          >
            <path
              className="mdc-checkbox__checkmark-path"
              d="M1.73,12.91 8.1,19.28 22.79,4.59"
              fill="none"
            />
          </svg>
          <div
            className="mdc-checkbox__mixedmark"
          />
        </div>
      </div>
    </li>
  </ul>
  <div>
    <h2>
      Active Dictionaries
    </h2>
    <ul
      aria-orientation="vertical"
      className="mdc-list dictionary_list mdc-list--two-line"
    >
      <li
        className="mdc-list-item"
        onBlur={[Function]}
        onClick={[Function]}
        onFocus={[Function]}
        onKeyDown={[Function]}
        tabIndex={0}
      >
        <i
          className="material-icons mdc-list-item__graphic"
          tabIndex={-1}
        >
          code
        </i>
        <span
          className="mdc-list-item__text"
          tabIndex={-1}
        >
          <span
            className="mdc-list-item__primary-text"
            tabIndex={-1}
          >
            node
          </span>
          <span
            className="mdc-list-item__secondary-text"
            tabIndex={-1}
          >
            List of NodeJS terms.
          </span>
        </span>
        <span
          className="mdc-list-item__meta"
          tabIndex={-1}
        >
          
        </span>
      </li>
      <li
        className="mdc-list-item"
        onBlur={[Function]}
        onClick={[Function]}
        onFocus={[Function]}
        onKeyDown={[Function]}
        tabIndex={-1}
      >
        <i
          className="material-icons mdc-list-item__graphic"
          tabIndex={-1}
        >
          code
        </i>
        <span
          className="mdc-list-item__text"
          tabIndex={-1}
        >
          <span
            className="mdc-list-item__primary-text"
            tabIndex={-1}
          >
            npm
          </span>
          <span
            className="mdc-list-item__secondary-text"
            tabIndex={-1}
          >
            List of Top 500 NPM packages.
          </span>
        </span>
        <span
          className="mdc-list-item__meta"
          tabIndex={-1}
        >
          
        </span>
      </li>
      <li
        className="mdc-list-item"
        onBlur={[Function]}
        onClick={[Function]}
        onFocus={[Function]}
        onKeyDown={[Function]}
        tabIndex={-1}
      >
        <i
          className="material-icons mdc-list-item__graphic"
          tabIndex={-1}
        >
          code
        </i>
        <span
          className="mdc-list-item__text"
          tabIndex={-1}
        >
          <span
            className="mdc-list-item__primary-text"
            tabIndex={-1}
          >
            typescript
          </span>
          <span
            className="mdc-list-item__secondary-text"
            tabIndex={-1}
          >
            JavaScript and Typescript terms.
          </span>
        </span>
        <span
          className="mdc-list-item__meta"
          tabIndex={-1}
        >
          
        </span>
      </li>
    </ul>
  </div>
  
</div>
`;
